C:\TEMP\MaomeJesus\ProjetoNokiaLCD\implementation\system.ngc 1385744930
C:/TEMP/MaomeJesus/ProjetoNokiaLCD/implementation/microblaze_0_wrapper.ngc 1385744635
C:/TEMP/MaomeJesus/ProjetoNokiaLCD/implementation/mb_plb_wrapper.ngc 1385744667
C:/TEMP/MaomeJesus/ProjetoNokiaLCD/implementation/ilmb_wrapper.ngc 1385744635
C:/TEMP/MaomeJesus/ProjetoNokiaLCD/implementation/dlmb_wrapper.ngc 1385744635
C:/TEMP/MaomeJesus/ProjetoNokiaLCD/implementation/dlmb_cntlr_wrapper.ngc 1385744635
C:/TEMP/MaomeJesus/ProjetoNokiaLCD/implementation/ilmb_cntlr_wrapper.ngc 1385744635
C:/TEMP/MaomeJesus/ProjetoNokiaLCD/implementation/lmb_bram_wrapper.ngc 1385744635
C:/TEMP/MaomeJesus/ProjetoNokiaLCD/implementation/rs232_dte_wrapper.ngc 1385744635
C:/TEMP/MaomeJesus/ProjetoNokiaLCD/implementation/ddr_sdram_wrapper.ngc 1385744635
C:/TEMP/MaomeJesus/ProjetoNokiaLCD/implementation/clock_generator_0_wrapper.ngc 1385744681
C:/TEMP/MaomeJesus/ProjetoNokiaLCD/implementation/mdm_0_wrapper.ngc 1385744635
C:/TEMP/MaomeJesus/ProjetoNokiaLCD/implementation/proc_sys_reset_0_wrapper.ngc 1385744635
C:/TEMP/MaomeJesus/ProjetoNokiaLCD/implementation/push_wrapper.ngc 1385744635
C:/TEMP/MaomeJesus/ProjetoNokiaLCD/implementation/rot_wrapper.ngc 1385744635
C:/TEMP/MaomeJesus/ProjetoNokiaLCD/implementation/led_wrapper.ngc 1385744635
C:/TEMP/MaomeJesus/ProjetoNokiaLCD/implementation/sce_wrapper.ngc 1385744635
C:/TEMP/MaomeJesus/ProjetoNokiaLCD/implementation/d_c_wrapper.ngc 1385744635
C:/TEMP/MaomeJesus/ProjetoNokiaLCD/implementation/rst_wrapper.ngc 1385744635
C:/TEMP/MaomeJesus/ProjetoNokiaLCD/implementation/spi_wrapper.ngc 1385744635
OK
